// Jest Snapshot v1, https://goo.gl/fbAQLP

exports[`renders About 1`] = `
<div>
  <h1>
    About
  </h1>
</div>
`;
