// Jest Snapshot v1, https://goo.gl/fbAQLP

exports[`<NotFound/> 1`] = `
<div>
  <h3>
    Page not found
  </h3>
  <a
    href={undefined}
    onClick={[Function]}
  >
    Return home
  </a>
</div>
`;
