// Jest Snapshot v1, https://goo.gl/fbAQLP

exports[`renders Report 1`] = `
<form
  action="api/report"
  className="report"
>
  <h3>
     Click below to generate a pdf report using docraptor 
  </h3>
  <input
    type="submit"
    value="Download pdf"
  />
</form>
`;
