// Jest Snapshot v1, https://goo.gl/fbAQLP

exports[`<DragHandle /> snapshot 1`] = `
<i
  className="dragHandle"
/>
`;
