// Jest Snapshot v1, https://goo.gl/fbAQLP

exports[`<NotFound/> 1`] = `
<div>
  <h3>
    Page not found
  </h3>
  <Link
    replace={false}
    to="/"
  >
    Return home
  </Link>
</div>
`;
