// Jest Snapshot v1, https://goo.gl/fbAQLP

exports[`renders Modal 1`] = `null`;
