// Jest Snapshot v1, https://goo.gl/fbAQLP

exports[`<Counter/> 1`] = `
<div
  className="container"
>
  <div />
  <a
    onClick={[Function]}
  >
    âˆ’
  </a>
  <a
    onClick={[Function]}
  >
    +
  </a>
</div>
`;
