// Jest Snapshot v1, https://goo.gl/fbAQLP

exports[`<ListItem /> snapshot 1`] = `
<div>
  <p>
    TEST
  </p>
</div>
`;
