// Jest Snapshot v1, https://goo.gl/fbAQLP

exports[`<App/> snapshot 1`] = `
<div
  className="container"
>
  <Counter />
  <button
    className="button shadow"
    onClick={[Function]}
  >
    Test
  </button>
</div>
`;
