// Jest Snapshot v1, https://goo.gl/fbAQLP

exports[`<NotFound/> snapshot 1`] = `
<div
  className="container"
>
  <h1>
    404
  </h1>
  <h2>
    Page Not Found
  </h2>
  <Link
    className="link"
    replace={false}
    to="/"
  >
    Go Home!
  </Link>
</div>
`;
